// Jest Snapshot v1, https://goo.gl/fbAQLP

exports[`CityMap correctly renders after relaunch 1`] = `
<div
  id="map"
  style={
    Object {
      "height": "97%",
      "marginTop": "14px",
    }
  }
/>
`;
